// Code generated by @@.Pkg@@; DO NOT EDIT.
package a

type MockDB struct {
	GetFunc func(id string) int
	SetFunc func(id string, v int)
}

func (m *MockDB) Get(id string) int {
	return m.GetFunc(id)
}

func (m *MockDB) Set(id string, v int) {
	m.SetFunc(id, v)
}

type MockLogger struct {
	ErrorfFunc func(format string, args ...any)
	InfofFunc  func(format string, args ...any)
}

func (m *MockLogger) Errorf(format string, args ...any) {
	m.ErrorfFunc(format, args...)
}

func (m *MockLogger) Infof(format string, args ...any) {
	m.InfofFunc(format, args...)
}
