--- FAIL: TestAnalyzer (0000s)
    analysistest.go:454: a/a.go:5:6: diagnostic "identifier is gopher" does not match pattern `pattern`
    analysistest.go:518: a/a.go:5: no diagnostic was reported matching `pattern`
FAIL
exit status 1
FAIL	example.com/example/sub/subsub	0000s
